error: Variable w declared but never used in opcode.
 --> $DIR/missing_in_opcode.rs:6:11
  |
6 |     Instr{w:u8},
  |           ^
